╔═══════════════════════════════════════════════════════════╗
║           Deep DOM Search Test Script                     ║
╚═══════════════════════════════════════════════════════════╝


📡 Connecting to CDP on port 9222...
   Page: test-output.txt - auto-accept - Cursor
✅ Connected! Injecting test script...


╔═══════════════════════════════════════════════════════════╗
